[INFO] Scanning for projects...
[INFO] 
[INFO] ------------------------< com.evently:evently >-------------------------
[INFO] Building evently 1.0.0-SNAPSHOT
[INFO]   from pom.xml
[INFO] --------------------------------[ jar ]---------------------------------
[INFO] 
[INFO] --- resources:3.3.1:resources (default-resources) @ evently ---
[INFO] Copying 2 resources from src\main\resources to target\classes
[INFO] Copying 39 resources from src\main\resources to target\classes
[INFO] 
[INFO] --- compiler:3.11.0:compile (default-compile) @ evently ---
[INFO] Nothing to compile - all classes are up to date
[INFO] 
[INFO] --- resources:3.3.1:testResources (default-testResources) @ evently ---
[INFO] Copying 2 resources from src\test\resources to target\test-classes
[INFO] 
[INFO] --- compiler:3.11.0:testCompile (default-testCompile) @ evently ---
[INFO] Nothing to compile - all classes are up to date
[INFO] 
[INFO] --- surefire:3.1.2:test (default-test) @ evently ---
[INFO] Using auto detected provider org.apache.maven.surefire.junitplatform.JUnitPlatformProvider
[INFO] 
[INFO] -------------------------------------------------------
[INFO]  T E S T S
[INFO] -------------------------------------------------------
[INFO] Running com.evently.controller.PublicEventControllerTest
03:06:36.378 [main] INFO org.springframework.test.context.support.AnnotationConfigContextLoaderUtils -- Could not detect default configuration classes for test class [com.evently.controller.PublicEventControllerTest]: PublicEventControllerTest does not declare any static, non-private, non-final, nested classes annotated with @Configuration.
03:06:36.551 [main] INFO org.springframework.boot.test.context.SpringBootTestContextBootstrapper -- Found @SpringBootConfiguration com.evently.EventlyApplication for test class com.evently.controller.PublicEventControllerTest
03:06:36.640 [main] INFO org.springframework.boot.devtools.restart.RestartApplicationListener -- Restart disabled due to context in which it is running

  .   ____          _            __ _ _
 /\\ / ___'_ __ _ _(_)_ __  __ _ \ \ \ \
( ( )\___ | '_ | '_| | '_ \/ _` | \ \ \ \
 \\/  ___)| |_)| | | | | || (_| |  ) ) ) )
  '  |____| .__|_| |_|_| |_\__, | / / / /
 =========|_|==============|___/=/_/_/_/
 :: Spring Boot ::                (v3.2.5)

2026-05-08T03:06:36.992+03:00  INFO 25228 --- [           main] c.e.c.PublicEventControllerTest          : Starting PublicEventControllerTest using Java 26 with PID 25228 (started by Omen in C:\Users\Omen\OneDrive\Desktop\Evently)
2026-05-08T03:06:36.993+03:00  INFO 25228 --- [           main] c.e.c.PublicEventControllerTest          : No active profile set, falling back to 1 default profile: "default"
mvn : WARNING: A Java agent has been loaded dynamically (C:\Users\Omen\.m2\repo
sitory\net\bytebuddy\byte-buddy-agent\1.14.13\byte-buddy-agent-1.14.13.jar)
At line:1 char:1
+ mvn test --no-transfer-progress 2>&1 | Tee-Object -FilePath "test-out ...
+ ~~~~~~~~~~~~~~~~~~~~~~~~~~~~~~~~~~~~
    + CategoryInfo          : NotSpecified: (WARNING: A Java...nt-1.14.13.jar) 
   :String) [], RemoteException
    + FullyQualifiedErrorId : NativeCommandError
 
WARNING: If a serviceability tool is in use, please run with 
-XX:+EnableDynamicAgentLoading to hide this warning
WARNING: If a serviceability tool is not in use, please run with 
-Djdk.instrument.traceUsage for more information
WARNING: Dynamic loading of agents will be disallowed by default in a future 
release
Java HotSpot(TM) 64-Bit Server VM warning: Sharing is only supported for boot 
loader classes because bootstrap classpath has been appended
2026-05-08T03:06:39.376+03:00  INFO 25228 --- [           main] o.s.s.web.DefaultSecurityFilterChain     : Will secure any request with [org.springframework.security.web.session.DisableEncodeUrlFilter@1a84a8b2, org.springframework.security.web.context.request.async.WebAsyncManagerIntegrationFilter@601d295, org.springframework.security.web.context.SecurityContextHolderFilter@58182b96, org.springframework.security.web.header.HeaderWriterFilter@4005e485, org.springframework.security.web.csrf.CsrfFilter@71ad959b, org.springframework.security.web.authentication.logout.LogoutFilter@7f5e6833, org.springframework.security.web.authentication.UsernamePasswordAuthenticationFilter@148ab138, org.springframework.security.web.savedrequest.RequestCacheAwareFilter@8f6b4ab, org.springframework.security.web.servletapi.SecurityContextHolderAwareRequestFilter@770cae59, org.springframework.security.web.authentication.rememberme.RememberMeAuthenticationFilter@131ba005, org.springframework.security.web.authentication.AnonymousAuthenticationFilter@485451d8, org.springframework.security.web.access.ExceptionTranslationFilter@38d42ab7, org.springframework.security.web.access.intercept.AuthorizationFilter@260d48f5]
2026-05-08T03:06:39.656+03:00  INFO 25228 --- [           main] o.s.b.t.m.w.SpringBootMockServletContext : Initializing Spring TestDispatcherServlet ''
2026-05-08T03:06:39.656+03:00  INFO 25228 --- [           main] o.s.t.web.servlet.TestDispatcherServlet  : Initializing Servlet ''
2026-05-08T03:06:39.658+03:00  INFO 25228 --- [           main] o.s.t.web.servlet.TestDispatcherServlet  : Completed initialization in 2 ms
2026-05-08T03:06:39.688+03:00  INFO 25228 --- [           main] c.e.c.PublicEventControllerTest          : Started PublicEventControllerTest in 3.07 seconds (process running for 4.216)
[INFO] Tests run: 3, Failures: 0, Errors: 0, Skipped: 0, Time elapsed: 4.181 s -- in com.evently.controller.PublicEventControllerTest
[INFO] Running com.evently.DataSeederTest
2026-05-08T03:06:40.392+03:00  INFO 25228 --- [           main] t.c.s.AnnotationConfigContextLoaderUtils : Could not detect default configuration classes for test class [com.evently.DataSeederTest]: DataSeederTest does not declare any static, non-private, non-final, nested classes annotated with @Configuration.
2026-05-08T03:06:40.442+03:00  INFO 25228 --- [           main] .b.t.c.SpringBootTestContextBootstrapper : Found @SpringBootConfiguration com.evently.EventlyApplication for test class com.evently.DataSeederTest
2026-05-08T03:06:40.454+03:00  INFO 25228 --- [           main] o.s.b.d.r.RestartApplicationListener     : Restart disabled due to context in which it is running
2026-05-08T03:06:40.525+03:00  INFO 25228 --- [           main] com.evently.DataSeederTest               : Starting DataSeederTest using Java 26 with PID 25228 (started by Omen in C:\Users\Omen\OneDrive\Desktop\Evently)
2026-05-08T03:06:40.526+03:00  INFO 25228 --- [           main] com.evently.DataSeederTest               : The following 1 profile is active: "test"
2026-05-08T03:06:40.761+03:00  INFO 25228 --- [           main] .s.d.r.c.RepositoryConfigurationDelegate : Bootstrapping Spring Data JPA repositories in DEFAULT mode.
2026-05-08T03:06:40.826+03:00  INFO 25228 --- [           main] .s.d.r.c.RepositoryConfigurationDelegate : Finished Spring Data repository scanning in 54 ms. Found 4 JPA repository interfaces.
2026-05-08T03:06:40.870+03:00  INFO 25228 --- [           main] beddedDataSourceBeanFactoryPostProcessor : Replacing 'dataSource' DataSource bean with embedded version
2026-05-08T03:06:40.915+03:00  INFO 25228 --- [           main] o.s.j.d.e.EmbeddedDatabaseFactory        : Starting embedded database: url='jdbc:h2:mem:292e7e56-1149-4ce8-9dcf-fbf5ddf7a819;DB_CLOSE_DELAY=-1;DB_CLOSE_ON_EXIT=false', username='sa'
2026-05-08T03:06:41.247+03:00  INFO 25228 --- [           main] o.hibernate.jpa.internal.util.LogHelper  : HHH000204: Processing PersistenceUnitInfo [name: default]
2026-05-08T03:06:41.344+03:00  INFO 25228 --- [           main] org.hibernate.Version                    : HHH000412: Hibernate ORM core version 6.4.4.Final
2026-05-08T03:06:41.391+03:00  INFO 25228 --- [           main] o.h.c.internal.RegionFactoryInitiator    : HHH000026: Second-level cache disabled
2026-05-08T03:06:41.530+03:00  INFO 25228 --- [           main] o.s.o.j.p.SpringPersistenceUnitInfo      : No LoadTimeWeaver setup: ignoring JPA class transformer
2026-05-08T03:06:41.582+03:00  WARN 25228 --- [           main] org.hibernate.orm.deprecation            : HHH90000025: H2Dialect does not need to be specified explicitly using 'hibernate.dialect' (remove the property setting and it will be selected by default)
2026-05-08T03:06:42.357+03:00  INFO 25228 --- [           main] o.h.e.t.j.p.i.JtaPlatformInitiator       : HHH000489: No JTA platform available (set 'hibernate.transaction.jta.platform' to enable JTA platform integration)
Hibernate: drop table if exists attendees cascade 
Hibernate: drop table if exists events cascade 
Hibernate: drop table if exists registrations cascade 
Hibernate: drop table if exists users cascade 
Hibernate: create table attendees (created_at timestamp(6) not null, id bigint generated by default as identity, updated_at timestamp(6) not null, phone varchar(30), company varchar(255), email varchar(255) not null unique, name varchar(255) not null, primary key (id))
Hibernate: create table events (capacity integer not null, price numeric(10,2), created_at timestamp(6) not null, date_time timestamp(6) not null, id bigint generated by default as identity, updated_at timestamp(6) not null, description TEXT not null, location varchar(255) not null, status varchar(255) not null, title varchar(255) not null, primary key (id))
Hibernate: create table registrations (is_admin_override boolean not null, waitlist_position integer, attendee_id bigint not null, created_at timestamp(6) not null, event_id bigint not null, id bigint generated by default as identity, registration_date TIMESTAMP DEFAULT CURRENT_TIMESTAMP not null, updated_at timestamp(6) not null, payment_status varchar(255) not null, status varchar(255) not null, primary key (id), constraint uq_event_attendee unique (event_id, attendee_id))
Hibernate: create table users (is_admin boolean not null, is_super_admin boolean not null, created_at timestamp(6) not null, id bigint generated by default as identity, updated_at timestamp(6) not null, currency_preference varchar(10) not null, remember_token varchar(100), security_question varchar(500), email varchar(255) not null unique, name varchar(255) not null, password varchar(255) not null, security_answer varchar(255), primary key (id))
Hibernate: alter table if exists registrations add constraint FK9rg8nfrv7ocm12dmieqel8gkv foreign key (attendee_id) references attendees
Hibernate: alter table if exists registrations add constraint FK8mi58jt1s8fxmi56jnau0cxqw foreign key (event_id) references events
2026-05-08T03:06:42.435+03:00  INFO 25228 --- [           main] j.LocalContainerEntityManagerFactoryBean : Initialized JPA EntityManagerFactory for persistence unit 'default'
2026-05-08T03:06:42.865+03:00  INFO 25228 --- [           main] o.s.d.j.r.query.QueryEnhancerFactory     : Hibernate is in classpath; If applicable, HQL parser will be used.
2026-05-08T03:06:43.405+03:00  INFO 25228 --- [           main] com.evently.DataSeederTest               : Started DataSeederTest in 2.952 seconds (process running for 7.932)
Hibernate: select u1_0.id from users u1_0 where u1_0.email=? fetch first ? rows only
Hibernate: insert into users (created_at,currency_preference,email,is_admin,is_super_admin,name,password,remember_token,security_answer,security_question,updated_at,id) values (?,?,?,?,?,?,?,?,?,?,?,default)
2026-05-08T03:06:43.658+03:00  INFO 25228 --- [           main] com.evently.DataSeeder                   : DataSeeder: super admin created (Farisnabil075@gmail.com).
Hibernate: select u1_0.id from users u1_0 where u1_0.email=? fetch first ? rows only
Hibernate: insert into users (created_at,currency_preference,email,is_admin,is_super_admin,name,password,remember_token,security_answer,security_question,updated_at,id) values (?,?,?,?,?,?,?,?,?,?,?,default)
2026-05-08T03:06:43.731+03:00  INFO 25228 --- [           main] com.evently.DataSeeder                   : DataSeeder: default admin user created (admin@evently.com).
Hibernate: select count(*) from events e1_0
Hibernate: insert into events (capacity,created_at,date_time,description,location,price,status,title,updated_at,id) values (?,?,?,?,?,?,?,?,?,default)
Hibernate: insert into events (capacity,created_at,date_time,description,location,price,status,title,updated_at,id) values (?,?,?,?,?,?,?,?,?,default)
Hibernate: insert into events (capacity,created_at,date_time,description,location,price,status,title,updated_at,id) values (?,?,?,?,?,?,?,?,?,default)
Hibernate: insert into events (capacity,created_at,date_time,description,location,price,status,title,updated_at,id) values (?,?,?,?,?,?,?,?,?,default)
Hibernate: insert into events (capacity,created_at,date_time,description,location,price,status,title,updated_at,id) values (?,?,?,?,?,?,?,?,?,default)
2026-05-08T03:06:43.755+03:00  INFO 25228 --- [           main] com.evently.DataSeeder                   : DataSeeder: 5 sample events created.
Hibernate: select e1_0.id,e1_0.capacity,e1_0.created_at,e1_0.date_time,e1_0.description,e1_0.location,e1_0.price,e1_0.status,e1_0.title,e1_0.updated_at from events e1_0
Hibernate: select u1_0.id,u1_0.created_at,u1_0.currency_preference,u1_0.email,u1_0.is_admin,u1_0.is_super_admin,u1_0.name,u1_0.password,u1_0.remember_token,u1_0.security_answer,u1_0.security_question,u1_0.updated_at from users u1_0
Hibernate: delete from events where id=?
Hibernate: delete from events where id=?
Hibernate: delete from events where id=?
Hibernate: delete from events where id=?
Hibernate: delete from events where id=?
Hibernate: delete from users where id=?
Hibernate: delete from users where id=?
Hibernate: select u1_0.id from users u1_0 where u1_0.email=? fetch first ? rows only
Hibernate: insert into users (created_at,currency_preference,email,is_admin,is_super_admin,name,password,remember_token,security_answer,security_question,updated_at,id) values (?,?,?,?,?,?,?,?,?,?,?,default)
2026-05-08T03:06:43.870+03:00  INFO 25228 --- [           main] com.evently.DataSeeder                   : DataSeeder: super admin created (Farisnabil075@gmail.com).
Hibernate: select u1_0.id from users u1_0 where u1_0.email=? fetch first ? rows only
Hibernate: insert into users (created_at,currency_preference,email,is_admin,is_super_admin,name,password,remember_token,security_answer,security_question,updated_at,id) values (?,?,?,?,?,?,?,?,?,?,?,default)
2026-05-08T03:06:43.937+03:00  INFO 25228 --- [           main] com.evently.DataSeeder                   : DataSeeder: default admin user created (admin@evently.com).
Hibernate: select count(*) from events e1_0
Hibernate: insert into events (capacity,created_at,date_time,description,location,price,status,title,updated_at,id) values (?,?,?,?,?,?,?,?,?,default)
Hibernate: insert into events (capacity,created_at,date_time,description,location,price,status,title,updated_at,id) values (?,?,?,?,?,?,?,?,?,default)
Hibernate: insert into events (capacity,created_at,date_time,description,location,price,status,title,updated_at,id) values (?,?,?,?,?,?,?,?,?,default)
Hibernate: insert into events (capacity,created_at,date_time,description,location,price,status,title,updated_at,id) values (?,?,?,?,?,?,?,?,?,default)
Hibernate: insert into events (capacity,created_at,date_time,description,location,price,status,title,updated_at,id) values (?,?,?,?,?,?,?,?,?,default)
2026-05-08T03:06:43.942+03:00  INFO 25228 --- [           main] com.evently.DataSeeder                   : DataSeeder: 5 sample events created.
Hibernate: select u1_0.id from users u1_0 where u1_0.email=? fetch first ? rows only
2026-05-08T03:06:43.944+03:00  INFO 25228 --- [           main] com.evently.DataSeeder                   : DataSeeder: super admin (Faris) already exists ù skipping.
Hibernate: select u1_0.id from users u1_0 where u1_0.email=? fetch first ? rows only
2026-05-08T03:06:43.946+03:00  INFO 25228 --- [           main] com.evently.DataSeeder                   : DataSeeder: admin user already exists ù skipping.
Hibernate: select count(*) from events e1_0
2026-05-08T03:06:43.947+03:00  INFO 25228 --- [           main] com.evently.DataSeeder                   : DataSeeder: events already exist ù skipping event seed.
Hibernate: select count(*) from events e1_0
Hibernate: select e1_0.id,e1_0.capacity,e1_0.created_at,e1_0.date_time,e1_0.description,e1_0.location,e1_0.price,e1_0.status,e1_0.title,e1_0.updated_at from events e1_0
Hibernate: select u1_0.id,u1_0.created_at,u1_0.currency_preference,u1_0.email,u1_0.is_admin,u1_0.is_super_admin,u1_0.name,u1_0.password,u1_0.remember_token,u1_0.security_answer,u1_0.security_question,u1_0.updated_at from users u1_0
Hibernate: delete from events where id=?
Hibernate: delete from events where id=?
Hibernate: delete from events where id=?
Hibernate: delete from events where id=?
Hibernate: delete from events where id=?
Hibernate: delete from users where id=?
Hibernate: delete from users where id=?
Hibernate: select u1_0.id from users u1_0 where u1_0.email=? fetch first ? rows only
Hibernate: insert into users (created_at,currency_preference,email,is_admin,is_super_admin,name,password,remember_token,security_answer,security_question,updated_at,id) values (?,?,?,?,?,?,?,?,?,?,?,default)
2026-05-08T03:06:44.070+03:00  INFO 25228 --- [           main] com.evently.DataSeeder                   : DataSeeder: super admin created (Farisnabil075@gmail.com).
Hibernate: select u1_0.id from users u1_0 where u1_0.email=? fetch first ? rows only
Hibernate: insert into users (created_at,currency_preference,email,is_admin,is_super_admin,name,password,remember_token,security_answer,security_question,updated_at,id) values (?,?,?,?,?,?,?,?,?,?,?,default)
2026-05-08T03:06:44.134+03:00  INFO 25228 --- [           main] com.evently.DataSeeder                   : DataSeeder: default admin user created (admin@evently.com).
Hibernate: select count(*) from events e1_0
Hibernate: insert into events (capacity,created_at,date_time,description,location,price,status,title,updated_at,id) values (?,?,?,?,?,?,?,?,?,default)
Hibernate: insert into events (capacity,created_at,date_time,description,location,price,status,title,updated_at,id) values (?,?,?,?,?,?,?,?,?,default)
Hibernate: insert into events (capacity,created_at,date_time,description,location,price,status,title,updated_at,id) values (?,?,?,?,?,?,?,?,?,default)
Hibernate: insert into events (capacity,created_at,date_time,description,location,price,status,title,updated_at,id) values (?,?,?,?,?,?,?,?,?,default)
Hibernate: insert into events (capacity,created_at,date_time,description,location,price,status,title,updated_at,id) values (?,?,?,?,?,?,?,?,?,default)
2026-05-08T03:06:44.138+03:00  INFO 25228 --- [           main] com.evently.DataSeeder                   : DataSeeder: 5 sample events created.
Hibernate: select u1_0.id,u1_0.created_at,u1_0.currency_preference,u1_0.email,u1_0.is_admin,u1_0.is_super_admin,u1_0.name,u1_0.password,u1_0.remember_token,u1_0.security_answer,u1_0.security_question,u1_0.updated_at from users u1_0 where u1_0.email=?
Hibernate: select e1_0.id,e1_0.capacity,e1_0.created_at,e1_0.date_time,e1_0.description,e1_0.location,e1_0.price,e1_0.status,e1_0.title,e1_0.updated_at from events e1_0
Hibernate: select u1_0.id,u1_0.created_at,u1_0.currency_preference,u1_0.email,u1_0.is_admin,u1_0.is_super_admin,u1_0.name,u1_0.password,u1_0.remember_token,u1_0.security_answer,u1_0.security_question,u1_0.updated_at from users u1_0
Hibernate: delete from events where id=?
Hibernate: delete from events where id=?
Hibernate: delete from events where id=?
Hibernate: delete from events where id=?
Hibernate: delete from events where id=?
Hibernate: delete from users where id=?
Hibernate: delete from users where id=?
Hibernate: select u1_0.id from users u1_0 where u1_0.email=? fetch first ? rows only
Hibernate: insert into users (created_at,currency_preference,email,is_admin,is_super_admin,name,password,remember_token,security_answer,security_question,updated_at,id) values (?,?,?,?,?,?,?,?,?,?,?,default)
2026-05-08T03:06:44.284+03:00  INFO 25228 --- [           main] com.evently.DataSeeder                   : DataSeeder: super admin created (Farisnabil075@gmail.com).
Hibernate: select u1_0.id from users u1_0 where u1_0.email=? fetch first ? rows only
Hibernate: insert into users (created_at,currency_preference,email,is_admin,is_super_admin,name,password,remember_token,security_answer,security_question,updated_at,id) values (?,?,?,?,?,?,?,?,?,?,?,default)
2026-05-08T03:06:44.348+03:00  INFO 25228 --- [           main] com.evently.DataSeeder                   : DataSeeder: default admin user created (admin@evently.com).
Hibernate: select count(*) from events e1_0
Hibernate: insert into events (capacity,created_at,date_time,description,location,price,status,title,updated_at,id) values (?,?,?,?,?,?,?,?,?,default)
Hibernate: insert into events (capacity,created_at,date_time,description,location,price,status,title,updated_at,id) values (?,?,?,?,?,?,?,?,?,default)
Hibernate: insert into events (capacity,created_at,date_time,description,location,price,status,title,updated_at,id) values (?,?,?,?,?,?,?,?,?,default)
Hibernate: insert into events (capacity,created_at,date_time,description,location,price,status,title,updated_at,id) values (?,?,?,?,?,?,?,?,?,default)
Hibernate: insert into events (capacity,created_at,date_time,description,location,price,status,title,updated_at,id) values (?,?,?,?,?,?,?,?,?,default)
2026-05-08T03:06:44.351+03:00  INFO 25228 --- [           main] com.evently.DataSeeder                   : DataSeeder: 5 sample events created.
Hibernate: select count(*) from events e1_0
Hibernate: select e1_0.id,e1_0.capacity,e1_0.created_at,e1_0.date_time,e1_0.description,e1_0.location,e1_0.price,e1_0.status,e1_0.title,e1_0.updated_at from events e1_0
Hibernate: select u1_0.id,u1_0.created_at,u1_0.currency_preference,u1_0.email,u1_0.is_admin,u1_0.is_super_admin,u1_0.name,u1_0.password,u1_0.remember_token,u1_0.security_answer,u1_0.security_question,u1_0.updated_at from users u1_0
Hibernate: delete from events where id=?
Hibernate: delete from events where id=?
Hibernate: delete from events where id=?
Hibernate: delete from events where id=?
Hibernate: delete from events where id=?
Hibernate: delete from users where id=?
Hibernate: delete from users where id=?
Hibernate: select u1_0.id from users u1_0 where u1_0.email=? fetch first ? rows only
Hibernate: insert into users (created_at,currency_preference,email,is_admin,is_super_admin,name,password,remember_token,security_answer,security_question,updated_at,id) values (?,?,?,?,?,?,?,?,?,?,?,default)
2026-05-08T03:06:44.427+03:00  INFO 25228 --- [           main] com.evently.DataSeeder                   : DataSeeder: super admin created (Farisnabil075@gmail.com).
Hibernate: select u1_0.id from users u1_0 where u1_0.email=? fetch first ? rows only
Hibernate: insert into users (created_at,currency_preference,email,is_admin,is_super_admin,name,password,remember_token,security_answer,security_question,updated_at,id) values (?,?,?,?,?,?,?,?,?,?,?,default)
2026-05-08T03:06:44.490+03:00  INFO 25228 --- [           main] com.evently.DataSeeder                   : DataSeeder: default admin user created (admin@evently.com).
Hibernate: select count(*) from events e1_0
Hibernate: insert into events (capacity,created_at,date_time,description,location,price,status,title,updated_at,id) values (?,?,?,?,?,?,?,?,?,default)
Hibernate: insert into events (capacity,created_at,date_time,description,location,price,status,title,updated_at,id) values (?,?,?,?,?,?,?,?,?,default)
Hibernate: insert into events (capacity,created_at,date_time,description,location,price,status,title,updated_at,id) values (?,?,?,?,?,?,?,?,?,default)
Hibernate: insert into events (capacity,created_at,date_time,description,location,price,status,title,updated_at,id) values (?,?,?,?,?,?,?,?,?,default)
Hibernate: insert into events (capacity,created_at,date_time,description,location,price,status,title,updated_at,id) values (?,?,?,?,?,?,?,?,?,default)
2026-05-08T03:06:44.494+03:00  INFO 25228 --- [           main] com.evently.DataSeeder                   : DataSeeder: 5 sample events created.
Hibernate: select e1_0.id,e1_0.capacity,e1_0.created_at,e1_0.date_time,e1_0.description,e1_0.location,e1_0.price,e1_0.status,e1_0.title,e1_0.updated_at from events e1_0
Hibernate: select e1_0.id,e1_0.capacity,e1_0.created_at,e1_0.date_time,e1_0.description,e1_0.location,e1_0.price,e1_0.status,e1_0.title,e1_0.updated_at from events e1_0
Hibernate: select u1_0.id,u1_0.created_at,u1_0.currency_preference,u1_0.email,u1_0.is_admin,u1_0.is_super_admin,u1_0.name,u1_0.password,u1_0.remember_token,u1_0.security_answer,u1_0.security_question,u1_0.updated_at from users u1_0
Hibernate: delete from events where id=?
Hibernate: delete from events where id=?
Hibernate: delete from events where id=?
Hibernate: delete from events where id=?
Hibernate: delete from events where id=?
Hibernate: delete from users where id=?
Hibernate: delete from users where id=?
Hibernate: select u1_0.id from users u1_0 where u1_0.email=? fetch first ? rows only
Hibernate: insert into users (created_at,currency_preference,email,is_admin,is_super_admin,name,password,remember_token,security_answer,security_question,updated_at,id) values (?,?,?,?,?,?,?,?,?,?,?,default)
2026-05-08T03:06:44.577+03:00  INFO 25228 --- [           main] com.evently.DataSeeder                   : DataSeeder: super admin created (Farisnabil075@gmail.com).
Hibernate: select u1_0.id from users u1_0 where u1_0.email=? fetch first ? rows only
Hibernate: insert into users (created_at,currency_preference,email,is_admin,is_super_admin,name,password,remember_token,security_answer,security_question,updated_at,id) values (?,?,?,?,?,?,?,?,?,?,?,default)
2026-05-08T03:06:44.641+03:00  INFO 25228 --- [           main] com.evently.DataSeeder                   : DataSeeder: default admin user created (admin@evently.com).
Hibernate: select count(*) from events e1_0
Hibernate: insert into events (capacity,created_at,date_time,description,location,price,status,title,updated_at,id) values (?,?,?,?,?,?,?,?,?,default)
Hibernate: insert into events (capacity,created_at,date_time,description,location,price,status,title,updated_at,id) values (?,?,?,?,?,?,?,?,?,default)
Hibernate: insert into events (capacity,created_at,date_time,description,location,price,status,title,updated_at,id) values (?,?,?,?,?,?,?,?,?,default)
Hibernate: insert into events (capacity,created_at,date_time,description,location,price,status,title,updated_at,id) values (?,?,?,?,?,?,?,?,?,default)
Hibernate: insert into events (capacity,created_at,date_time,description,location,price,status,title,updated_at,id) values (?,?,?,?,?,?,?,?,?,default)
2026-05-08T03:06:44.645+03:00  INFO 25228 --- [           main] com.evently.DataSeeder                   : DataSeeder: 5 sample events created.
Hibernate: select u1_0.id,u1_0.created_at,u1_0.currency_preference,u1_0.email,u1_0.is_admin,u1_0.is_super_admin,u1_0.name,u1_0.password,u1_0.remember_token,u1_0.security_answer,u1_0.security_question,u1_0.updated_at from users u1_0 where u1_0.email=?
Hibernate: select e1_0.id,e1_0.capacity,e1_0.created_at,e1_0.date_time,e1_0.description,e1_0.location,e1_0.price,e1_0.status,e1_0.title,e1_0.updated_at from events e1_0
Hibernate: select u1_0.id,u1_0.created_at,u1_0.currency_preference,u1_0.email,u1_0.is_admin,u1_0.is_super_admin,u1_0.name,u1_0.password,u1_0.remember_token,u1_0.security_answer,u1_0.security_question,u1_0.updated_at from users u1_0
Hibernate: delete from events where id=?
Hibernate: delete from events where id=?
Hibernate: delete from events where id=?
Hibernate: delete from events where id=?
Hibernate: delete from events where id=?
Hibernate: delete from users where id=?
Hibernate: delete from users where id=?
Hibernate: select u1_0.id from users u1_0 where u1_0.email=? fetch first ? rows only
Hibernate: insert into users (created_at,currency_preference,email,is_admin,is_super_admin,name,password,remember_token,security_answer,security_question,updated_at,id) values (?,?,?,?,?,?,?,?,?,?,?,default)
2026-05-08T03:06:44.723+03:00  INFO 25228 --- [           main] com.evently.DataSeeder                   : DataSeeder: super admin created (Farisnabil075@gmail.com).
Hibernate: select u1_0.id from users u1_0 where u1_0.email=? fetch first ? rows only
Hibernate: insert into users (created_at,currency_preference,email,is_admin,is_super_admin,name,password,remember_token,security_answer,security_question,updated_at,id) values (?,?,?,?,?,?,?,?,?,?,?,default)
2026-05-08T03:06:44.787+03:00  INFO 25228 --- [           main] com.evently.DataSeeder                   : DataSeeder: default admin user created (admin@evently.com).
Hibernate: select count(*) from events e1_0
Hibernate: insert into events (capacity,created_at,date_time,description,location,price,status,title,updated_at,id) values (?,?,?,?,?,?,?,?,?,default)
Hibernate: insert into events (capacity,created_at,date_time,description,location,price,status,title,updated_at,id) values (?,?,?,?,?,?,?,?,?,default)
Hibernate: insert into events (capacity,created_at,date_time,description,location,price,status,title,updated_at,id) values (?,?,?,?,?,?,?,?,?,default)
Hibernate: insert into events (capacity,created_at,date_time,description,location,price,status,title,updated_at,id) values (?,?,?,?,?,?,?,?,?,default)
Hibernate: insert into events (capacity,created_at,date_time,description,location,price,status,title,updated_at,id) values (?,?,?,?,?,?,?,?,?,default)
2026-05-08T03:06:44.793+03:00  INFO 25228 --- [           main] com.evently.DataSeeder                   : DataSeeder: 5 sample events created.
Hibernate: select u1_0.id from users u1_0 where u1_0.email=? fetch first ? rows only
2026-05-08T03:06:44.794+03:00  INFO 25228 --- [           main] com.evently.DataSeeder                   : DataSeeder: super admin (Faris) already exists ù skipping.
Hibernate: select u1_0.id from users u1_0 where u1_0.email=? fetch first ? rows only
2026-05-08T03:06:44.795+03:00  INFO 25228 --- [           main] com.evently.DataSeeder                   : DataSeeder: admin user already exists ù skipping.
Hibernate: select count(*) from events e1_0
2026-05-08T03:06:44.796+03:00  INFO 25228 --- [           main] com.evently.DataSeeder                   : DataSeeder: events already exist ù skipping event seed.
Hibernate: select u1_0.id,u1_0.created_at,u1_0.currency_preference,u1_0.email,u1_0.is_admin,u1_0.is_super_admin,u1_0.name,u1_0.password,u1_0.remember_token,u1_0.security_answer,u1_0.security_question,u1_0.updated_at from users u1_0
Hibernate: select e1_0.id,e1_0.capacity,e1_0.created_at,e1_0.date_time,e1_0.description,e1_0.location,e1_0.price,e1_0.status,e1_0.title,e1_0.updated_at from events e1_0
Hibernate: select u1_0.id,u1_0.created_at,u1_0.currency_preference,u1_0.email,u1_0.is_admin,u1_0.is_super_admin,u1_0.name,u1_0.password,u1_0.remember_token,u1_0.security_answer,u1_0.security_question,u1_0.updated_at from users u1_0
Hibernate: delete from events where id=?
Hibernate: delete from events where id=?
Hibernate: delete from events where id=?
Hibernate: delete from events where id=?
Hibernate: delete from events where id=?
Hibernate: delete from users where id=?
Hibernate: delete from users where id=?
Hibernate: select u1_0.id from users u1_0 where u1_0.email=? fetch first ? rows only
Hibernate: insert into users (created_at,currency_preference,email,is_admin,is_super_admin,name,password,remember_token,security_answer,security_question,updated_at,id) values (?,?,?,?,?,?,?,?,?,?,?,default)
2026-05-08T03:06:44.874+03:00  INFO 25228 --- [           main] com.evently.DataSeeder                   : DataSeeder: super admin created (Farisnabil075@gmail.com).
Hibernate: select u1_0.id from users u1_0 where u1_0.email=? fetch first ? rows only
Hibernate: insert into users (created_at,currency_preference,email,is_admin,is_super_admin,name,password,remember_token,security_answer,security_question,updated_at,id) values (?,?,?,?,?,?,?,?,?,?,?,default)
2026-05-08T03:06:44.941+03:00  INFO 25228 --- [           main] com.evently.DataSeeder                   : DataSeeder: default admin user created (admin@evently.com).
Hibernate: select count(*) from events e1_0
Hibernate: insert into events (capacity,created_at,date_time,description,location,price,status,title,updated_at,id) values (?,?,?,?,?,?,?,?,?,default)
Hibernate: insert into events (capacity,created_at,date_time,description,location,price,status,title,updated_at,id) values (?,?,?,?,?,?,?,?,?,default)
Hibernate: insert into events (capacity,created_at,date_time,description,location,price,status,title,updated_at,id) values (?,?,?,?,?,?,?,?,?,default)
Hibernate: insert into events (capacity,created_at,date_time,description,location,price,status,title,updated_at,id) values (?,?,?,?,?,?,?,?,?,default)
Hibernate: insert into events (capacity,created_at,date_time,description,location,price,status,title,updated_at,id) values (?,?,?,?,?,?,?,?,?,default)
2026-05-08T03:06:44.944+03:00  INFO 25228 --- [           main] com.evently.DataSeeder                   : DataSeeder: 5 sample events created.
Hibernate: select e1_0.id,e1_0.capacity,e1_0.created_at,e1_0.date_time,e1_0.description,e1_0.location,e1_0.price,e1_0.status,e1_0.title,e1_0.updated_at from events e1_0
[INFO] Tests run: 7, Failures: 0, Errors: 0, Skipped: 0, Time elapsed: 4.562 s -- in com.evently.DataSeederTest
[INFO] Running com.evently.exception.ExceptionTest
[INFO] Tests run: 7, Failures: 0, Errors: 0, Skipped: 0, Time elapsed: 0.010 s -- in com.evently.exception.ExceptionTest
[INFO] Running com.evently.model.AttendeeTest
[INFO] Tests run: 3, Failures: 0, Errors: 0, Skipped: 0, Time elapsed: 0.005 s -- in com.evently.model.AttendeeTest
[INFO] Running com.evently.model.EnumTest
[INFO] Tests run: 10, Failures: 0, Errors: 0, Skipped: 0, Time elapsed: 0.050 s -- in com.evently.model.EnumTest
[INFO] Running com.evently.model.EventTest
[INFO] Tests run: 6, Failures: 0, Errors: 0, Skipped: 0, Time elapsed: 0.020 s -- in com.evently.model.EventTest
[INFO] Running com.evently.model.RegistrationTest
[INFO] Tests run: 5, Failures: 0, Errors: 0, Skipped: 0, Time elapsed: 0.006 s -- in com.evently.model.RegistrationTest
[INFO] Running com.evently.model.UserTest
[INFO] Tests run: 5, Failures: 0, Errors: 0, Skipped: 0, Time elapsed: 0.005 s -- in com.evently.model.UserTest
[INFO] Running com.evently.repository.AttendeeRepositoryTest
2026-05-08T03:06:45.052+03:00  INFO 25228 --- [           main] t.c.s.AnnotationConfigContextLoaderUtils : Could not detect default configuration classes for test class [com.evently.repository.AttendeeRepositoryTest]: AttendeeRepositoryTest does not declare any static, non-private, non-final, nested classes annotated with @Configuration.
2026-05-08T03:06:45.081+03:00  INFO 25228 --- [           main] .b.t.c.SpringBootTestContextBootstrapper : Found @SpringBootConfiguration com.evently.EventlyApplication for test class com.evently.repository.AttendeeRepositoryTest
2026-05-08T03:06:45.088+03:00  INFO 25228 --- [           main] o.s.b.d.r.RestartApplicationListener     : Restart disabled due to context in which it is running
2026-05-08T03:06:45.136+03:00  INFO 25228 --- [           main] c.e.repository.AttendeeRepositoryTest    : Starting AttendeeRepositoryTest using Java 26 with PID 25228 (started by Omen in C:\Users\Omen\OneDrive\Desktop\Evently)
2026-05-08T03:06:45.137+03:00  INFO 25228 --- [           main] c.e.repository.AttendeeRepositoryTest    : The following 1 profile is active: "test"
2026-05-08T03:06:45.311+03:00  INFO 25228 --- [           main] .s.d.r.c.RepositoryConfigurationDelegate : Bootstrapping Spring Data JPA repositories in DEFAULT mode.
2026-05-08T03:06:45.339+03:00  INFO 25228 --- [           main] .s.d.r.c.RepositoryConfigurationDelegate : Finished Spring Data repository scanning in 27 ms. Found 4 JPA repository interfaces.
2026-05-08T03:06:45.350+03:00  INFO 25228 --- [           main] beddedDataSourceBeanFactoryPostProcessor : Replacing 'dataSource' DataSource bean with embedded version
2026-05-08T03:06:45.360+03:00  INFO 25228 --- [           main] o.s.j.d.e.EmbeddedDatabaseFactory        : Starting embedded database: url='jdbc:h2:mem:aab7ded2-9029-4eaa-85d8-7a95f635b7a8;DB_CLOSE_DELAY=-1;DB_CLOSE_ON_EXIT=false', username='sa'
2026-05-08T03:06:45.384+03:00  INFO 25228 --- [           main] o.hibernate.jpa.internal.util.LogHelper  : HHH000204: Processing PersistenceUnitInfo [name: default]
2026-05-08T03:06:45.388+03:00  INFO 25228 --- [           main] o.h.c.internal.RegionFactoryInitiator    : HHH000026: Second-level cache disabled
2026-05-08T03:06:45.396+03:00  INFO 25228 --- [           main] o.s.o.j.p.SpringPersistenceUnitInfo      : No LoadTimeWeaver setup: ignoring JPA class transformer
2026-05-08T03:06:45.399+03:00  WARN 25228 --- [           main] org.hibernate.orm.deprecation            : HHH90000025: H2Dialect does not need to be specified explicitly using 'hibernate.dialect' (remove the property setting and it will be selected by default)
2026-05-08T03:06:45.554+03:00  INFO 25228 --- [           main] o.h.e.t.j.p.i.JtaPlatformInitiator       : HHH000489: No JTA platform available (set 'hibernate.transaction.jta.platform' to enable JTA platform integration)
Hibernate: drop table if exists attendees cascade 
Hibernate: drop table if exists events cascade 
Hibernate: drop table if exists registrations cascade 
Hibernate: drop table if exists users cascade 
Hibernate: create table attendees (created_at timestamp(6) not null, id bigint generated by default as identity, updated_at timestamp(6) not null, phone varchar(30), company varchar(255), email varchar(255) not null unique, name varchar(255) not null, primary key (id))
Hibernate: create table events (capacity integer not null, price numeric(10,2), created_at timestamp(6) not null, date_time timestamp(6) not null, id bigint generated by default as identity, updated_at timestamp(6) not null, description TEXT not null, location varchar(255) not null, status varchar(255) not null, title varchar(255) not null, primary key (id))
Hibernate: create table registrations (is_admin_override boolean not null, waitlist_position integer, attendee_id bigint not null, created_at timestamp(6) not null, event_id bigint not null, id bigint generated by default as identity, registration_date TIMESTAMP DEFAULT CURRENT_TIMESTAMP not null, updated_at timestamp(6) not null, payment_status varchar(255) not null, status varchar(255) not null, primary key (id), constraint uq_event_attendee unique (event_id, attendee_id))
Hibernate: create table users (is_admin boolean not null, is_super_admin boolean not null, created_at timestamp(6) not null, id bigint generated by default as identity, updated_at timestamp(6) not null, currency_preference varchar(10) not null, remember_token varchar(100), security_question varchar(500), email varchar(255) not null unique, name varchar(255) not null, password varchar(255) not null, security_answer varchar(255), primary key (id))
Hibernate: alter table if exists registrations add constraint FK9rg8nfrv7ocm12dmieqel8gkv foreign key (attendee_id) references attendees
Hibernate: alter table if exists registrations add constraint FK8mi58jt1s8fxmi56jnau0cxqw foreign key (event_id) references events
2026-05-08T03:06:45.566+03:00  INFO 25228 --- [           main] j.LocalContainerEntityManagerFactoryBean : Initialized JPA EntityManagerFactory for persistence unit 'default'
2026-05-08T03:06:45.697+03:00  INFO 25228 --- [           main] c.e.repository.AttendeeRepositoryTest    : Started AttendeeRepositoryTest in 0.61 seconds (process running for 10.224)
Hibernate: select a1_0.id,a1_0.company,a1_0.created_at,a1_0.email,a1_0.name,a1_0.phone,a1_0.updated_at from attendees a1_0
Hibernate: insert into attendees (company,created_at,email,name,phone,updated_at,id) values (?,?,?,?,?,?,default)
Hibernate: insert into attendees (company,created_at,email,name,phone,updated_at,id) values (?,?,?,?,?,?,default)
2026-05-08T03:06:45.720+03:00  WARN 25228 --- [           main] o.h.engine.jdbc.spi.SqlExceptionHelper   : SQL Error: 23505, SQLState: 23505
2026-05-08T03:06:45.720+03:00 ERROR 25228 --- [           main] o.h.engine.jdbc.spi.SqlExceptionHelper   : Unique index or primary key violation: "PUBLIC.CONSTRAINT_INDEX_9 ON PUBLIC.ATTENDEES(EMAIL NULLS FIRST) VALUES ( /* 1 */ 'dup@test.com' )"; SQL statement:
insert into attendees (company,created_at,email,name,phone,updated_at,id) values (?,?,?,?,?,?,default) [23505-224]
Hibernate: select a1_0.id,a1_0.company,a1_0.created_at,a1_0.email,a1_0.name,a1_0.phone,a1_0.updated_at from attendees a1_0
Hibernate: insert into attendees (company,created_at,email,name,phone,updated_at,id) values (?,?,?,?,?,?,default)
Hibernate: select a1_0.id,a1_0.company,a1_0.created_at,a1_0.email,a1_0.name,a1_0.phone,a1_0.updated_at from attendees a1_0 where a1_0.email=?
Hibernate: select a1_0.id,a1_0.company,a1_0.created_at,a1_0.email,a1_0.name,a1_0.phone,a1_0.updated_at from attendees a1_0
Hibernate: select a1_0.id,a1_0.company,a1_0.created_at,a1_0.email,a1_0.name,a1_0.phone,a1_0.updated_at from attendees a1_0 where a1_0.email=?
Hibernate: select a1_0.id,a1_0.company,a1_0.created_at,a1_0.email,a1_0.name,a1_0.phone,a1_0.updated_at from attendees a1_0
Hibernate: insert into attendees (company,created_at,email,name,phone,updated_at,id) values (?,?,?,?,?,?,default)
[INFO] Tests run: 4, Failures: 0, Errors: 0, Skipped: 0, Time elapsed: 0.720 s -- in com.evently.repository.AttendeeRepositoryTest
[INFO] Running com.evently.repository.EventRepositoryTest
2026-05-08T03:06:45.776+03:00  INFO 25228 --- [           main] t.c.s.AnnotationConfigContextLoaderUtils : Could not detect default configuration classes for test class [com.evently.repository.EventRepositoryTest]: EventRepositoryTest does not declare any static, non-private, non-final, nested classes annotated with @Configuration.
2026-05-08T03:06:45.791+03:00  INFO 25228 --- [           main] .b.t.c.SpringBootTestContextBootstrapper : Found @SpringBootConfiguration com.evently.EventlyApplication for test class com.evently.repository.EventRepositoryTest
Hibernate: select e1_0.id,e1_0.capacity,e1_0.created_at,e1_0.date_time,e1_0.description,e1_0.location,e1_0.price,e1_0.status,e1_0.title,e1_0.updated_at from events e1_0
Hibernate: insert into events (capacity,created_at,date_time,description,location,price,status,title,updated_at,id) values (?,?,?,?,?,?,?,?,?,default)
Hibernate: select count(r1_0.id) from registrations r1_0 where r1_0.event_id=? and r1_0.status='confirmed'
Hibernate: select e1_0.id,e1_0.capacity,e1_0.created_at,e1_0.date_time,e1_0.description,e1_0.location,e1_0.price,e1_0.status,e1_0.title,e1_0.updated_at from events e1_0
Hibernate: insert into events (capacity,created_at,date_time,description,location,price,status,title,updated_at,id) values (?,?,?,?,?,?,?,?,?,default)
Hibernate: select e1_0.id,e1_0.capacity,e1_0.created_at,e1_0.date_time,e1_0.description,e1_0.location,e1_0.price,e1_0.status,e1_0.title,e1_0.updated_at from events e1_0 where e1_0.status=? order by e1_0.date_time offset ? rows fetch first ? rows only
Hibernate: select e1_0.id,e1_0.capacity,e1_0.created_at,e1_0.date_time,e1_0.description,e1_0.location,e1_0.price,e1_0.status,e1_0.title,e1_0.updated_at from events e1_0
Hibernate: insert into events (capacity,created_at,date_time,description,location,price,status,title,updated_at,id) values (?,?,?,?,?,?,?,?,?,default)
Hibernate: insert into events (capacity,created_at,date_time,description,location,price,status,title,updated_at,id) values (?,?,?,?,?,?,?,?,?,default)
Hibernate: insert into events (capacity,created_at,date_time,description,location,price,status,title,updated_at,id) values (?,?,?,?,?,?,?,?,?,default)
Hibernate: select e1_0.id,e1_0.capacity,e1_0.created_at,e1_0.date_time,e1_0.description,e1_0.location,e1_0.price,e1_0.status,e1_0.title,e1_0.updated_at from events e1_0 where e1_0.status=? and e1_0.date_time<?
Hibernate: select e1_0.id,e1_0.capacity,e1_0.created_at,e1_0.date_time,e1_0.description,e1_0.location,e1_0.price,e1_0.status,e1_0.title,e1_0.updated_at from events e1_0
Hibernate: insert into events (capacity,created_at,date_time,description,location,price,status,title,updated_at,id) values (?,?,?,?,?,?,?,?,?,default)
Hibernate: select count(r1_0.id) from registrations r1_0 where r1_0.event_id=? and r1_0.is_admin_override=true
Hibernate: select e1_0.id,e1_0.capacity,e1_0.created_at,e1_0.date_time,e1_0.description,e1_0.location,e1_0.price,e1_0.status,e1_0.title,e1_0.updated_at from events e1_0
Hibernate: insert into events (capacity,created_at,date_time,description,location,price,status,title,updated_at,id) values (?,?,?,?,?,?,?,?,?,default)
Hibernate: select e1_0.id,e1_0.capacity,e1_0.created_at,e1_0.date_time,e1_0.description,e1_0.location,e1_0.price,e1_0.status,e1_0.title,e1_0.updated_at from events e1_0 where e1_0.status=? and e1_0.date_time<?
Hibernate: select e1_0.id,e1_0.capacity,e1_0.created_at,e1_0.date_time,e1_0.description,e1_0.location,e1_0.price,e1_0.status,e1_0.title,e1_0.updated_at from events e1_0
Hibernate: insert into events (capacity,created_at,date_time,description,location,price,status,title,updated_at,id) values (?,?,?,?,?,?,?,?,?,default)
Hibernate: insert into events (capacity,created_at,date_time,description,location,price,status,title,updated_at,id) values (?,?,?,?,?,?,?,?,?,default)
Hibernate: insert into events (capacity,created_at,date_time,description,location,price,status,title,updated_at,id) values (?,?,?,?,?,?,?,?,?,default)
Hibernate: select e1_0.id,e1_0.capacity,e1_0.created_at,e1_0.date_time,e1_0.description,e1_0.location,e1_0.price,e1_0.status,e1_0.title,e1_0.updated_at from events e1_0 where e1_0.status=? order by e1_0.date_time offset ? rows fetch first ? rows only
[INFO] Tests run: 6, Failures: 0, Errors: 0, Skipped: 0, Time elapsed: 0.130 s -- in com.evently.repository.EventRepositoryTest
[INFO] Running com.evently.repository.RegistrationRepositoryTest
2026-05-08T03:06:45.908+03:00  INFO 25228 --- [           main] t.c.s.AnnotationConfigContextLoaderUtils : Could not detect default configuration classes for test class [com.evently.repository.RegistrationRepositoryTest]: RegistrationRepositoryTest does not declare any static, non-private, non-final, nested classes annotated with @Configuration.
2026-05-08T03:06:45.920+03:00  INFO 25228 --- [           main] .b.t.c.SpringBootTestContextBootstrapper : Found @SpringBootConfiguration com.evently.EventlyApplication for test class com.evently.repository.RegistrationRepositoryTest
Hibernate: select r1_0.id,r1_0.attendee_id,r1_0.created_at,r1_0.event_id,r1_0.is_admin_override,r1_0.payment_status,r1_0.registration_date,r1_0.status,r1_0.updated_at,r1_0.waitlist_position from registrations r1_0
Hibernate: select a1_0.id,a1_0.company,a1_0.created_at,a1_0.email,a1_0.name,a1_0.phone,a1_0.updated_at from attendees a1_0
Hibernate: select e1_0.id,e1_0.capacity,e1_0.created_at,e1_0.date_time,e1_0.description,e1_0.location,e1_0.price,e1_0.status,e1_0.title,e1_0.updated_at from events e1_0
Hibernate: insert into events (capacity,created_at,date_time,description,location,price,status,title,updated_at,id) values (?,?,?,?,?,?,?,?,?,default)
Hibernate: insert into attendees (company,created_at,email,name,phone,updated_at,id) values (?,?,?,?,?,?,default)
Hibernate: insert into attendees (company,created_at,email,name,phone,updated_at,id) values (?,?,?,?,?,?,default)
Hibernate: insert into registrations (attendee_id,created_at,event_id,is_admin_override,payment_status,registration_date,status,updated_at,waitlist_position,id) values (?,?,?,?,?,?,?,?,?,default)
Hibernate: select r1_0.id,r1_0.attendee_id,r1_0.created_at,r1_0.event_id,r1_0.is_admin_override,r1_0.payment_status,r1_0.registration_date,r1_0.status,r1_0.updated_at,r1_0.waitlist_position from registrations r1_0 where r1_0.event_id=? and r1_0.status='waitlisted' order by r1_0.waitlist_position
Hibernate: select r1_0.id,r1_0.attendee_id,r1_0.created_at,r1_0.event_id,r1_0.is_admin_override,r1_0.payment_status,r1_0.registration_date,r1_0.status,r1_0.updated_at,r1_0.waitlist_position from registrations r1_0
Hibernate: select a1_0.id,a1_0.company,a1_0.created_at,a1_0.email,a1_0.name,a1_0.phone,a1_0.updated_at from attendees a1_0
Hibernate: select e1_0.id,e1_0.capacity,e1_0.created_at,e1_0.date_time,e1_0.description,e1_0.location,e1_0.price,e1_0.status,e1_0.title,e1_0.updated_at from events e1_0
Hibernate: insert into events (capacity,created_at,date_time,description,location,price,status,title,updated_at,id) values (?,?,?,?,?,?,?,?,?,default)
Hibernate: insert into attendees (company,created_at,email,name,phone,updated_at,id) values (?,?,?,?,?,?,default)
Hibernate: insert into attendees (company,created_at,email,name,phone,updated_at,id) values (?,?,?,?,?,?,default)
Hibernate: insert into registrations (attendee_id,created_at,event_id,is_admin_override,payment_status,registration_date,status,updated_at,waitlist_position,id) values (?,?,?,?,?,?,?,?,?,default)
Hibernate: insert into registrations (attendee_id,created_at,event_id,is_admin_override,payment_status,registration_date,status,updated_at,waitlist_position,id) values (?,?,?,?,?,?,?,?,?,default)
Hibernate: select count(r1_0.id) from registrations r1_0
Hibernate: select r1_0.id,r1_0.attendee_id,r1_0.created_at,r1_0.event_id,r1_0.is_admin_override,r1_0.payment_status,r1_0.registration_date,r1_0.status,r1_0.updated_at,r1_0.waitlist_position from registrations r1_0
Hibernate: select a1_0.id,a1_0.company,a1_0.created_at,a1_0.email,a1_0.name,a1_0.phone,a1_0.updated_at from attendees a1_0
Hibernate: select e1_0.id,e1_0.capacity,e1_0.created_at,e1_0.date_time,e1_0.description,e1_0.location,e1_0.price,e1_0.status,e1_0.title,e1_0.updated_at from events e1_0
Hibernate: insert into events (capacity,created_at,date_time,description,location,price,status,title,updated_at,id) values (?,?,?,?,?,?,?,?,?,default)
Hibernate: insert into attendees (company,created_at,email,name,phone,updated_at,id) values (?,?,?,?,?,?,default)
Hibernate: insert into attendees (company,created_at,email,name,phone,updated_at,id) values (?,?,?,?,?,?,default)
Hibernate: insert into registrations (attendee_id,created_at,event_id,is_admin_override,payment_status,registration_date,status,updated_at,waitlist_position,id) values (?,?,?,?,?,?,?,?,?,default)
Hibernate: insert into registrations (attendee_id,created_at,event_id,is_admin_override,payment_status,registration_date,status,updated_at,waitlist_position,id) values (?,?,?,?,?,?,?,?,?,default)
Hibernate: select count(r1_0.id) from registrations r1_0 where r1_0.event_id=? and r1_0.status='waitlisted'
Hibernate: select r1_0.id,r1_0.attendee_id,r1_0.created_at,r1_0.event_id,r1_0.is_admin_override,r1_0.payment_status,r1_0.registration_date,r1_0.status,r1_0.updated_at,r1_0.waitlist_position from registrations r1_0
Hibernate: select a1_0.id,a1_0.company,a1_0.created_at,a1_0.email,a1_0.name,a1_0.phone,a1_0.updated_at from attendees a1_0
Hibernate: select e1_0.id,e1_0.capacity,e1_0.created_at,e1_0.date_time,e1_0.description,e1_0.location,e1_0.price,e1_0.status,e1_0.title,e1_0.updated_at from events e1_0
Hibernate: insert into events (capacity,created_at,date_time,description,location,price,status,title,updated_at,id) values (?,?,?,?,?,?,?,?,?,default)
Hibernate: insert into attendees (company,created_at,email,name,phone,updated_at,id) values (?,?,?,?,?,?,default)
Hibernate: insert into attendees (company,created_at,email,name,phone,updated_at,id) values (?,?,?,?,?,?,default)
Hibernate: select r1_0.id,r1_0.attendee_id,r1_0.created_at,r1_0.event_id,r1_0.is_admin_override,r1_0.payment_status,r1_0.registration_date,r1_0.status,r1_0.updated_at,r1_0.waitlist_position from registrations r1_0 join events e1_0 on e1_0.id=r1_0.event_id join attendees a1_0 on a1_0.id=r1_0.attendee_id where e1_0.id=? and a1_0.id=?
Hibernate: select r1_0.id,r1_0.attendee_id,r1_0.created_at,r1_0.event_id,r1_0.is_admin_override,r1_0.payment_status,r1_0.registration_date,r1_0.status,r1_0.updated_at,r1_0.waitlist_position from registrations r1_0
Hibernate: select a1_0.id,a1_0.company,a1_0.created_at,a1_0.email,a1_0.name,a1_0.phone,a1_0.updated_at from attendees a1_0
Hibernate: select e1_0.id,e1_0.capacity,e1_0.created_at,e1_0.date_time,e1_0.description,e1_0.location,e1_0.price,e1_0.status,e1_0.title,e1_0.updated_at from events e1_0
Hibernate: insert into events (capacity,created_at,date_time,description,location,price,status,title,updated_at,id) values (?,?,?,?,?,?,?,?,?,default)
Hibernate: insert into attendees (company,created_at,email,name,phone,updated_at,id) values (?,?,?,?,?,?,default)
Hibernate: insert into attendees (company,created_at,email,name,phone,updated_at,id) values (?,?,?,?,?,?,default)
Hibernate: insert into registrations (attendee_id,created_at,event_id,is_admin_override,payment_status,registration_date,status,updated_at,waitlist_position,id) values (?,?,?,?,?,?,?,?,?,default)
Hibernate: select count(r1_0.id) from registrations r1_0 where r1_0.event_id=? and r1_0.status='waitlisted'
Hibernate: select r1_0.id,r1_0.attendee_id,r1_0.created_at,r1_0.event_id,r1_0.is_admin_override,r1_0.payment_status,r1_0.registration_date,r1_0.status,r1_0.updated_at,r1_0.waitlist_position from registrations r1_0
Hibernate: select a1_0.id,a1_0.company,a1_0.created_at,a1_0.email,a1_0.name,a1_0.phone,a1_0.updated_at from attendees a1_0
Hibernate: select e1_0.id,e1_0.capacity,e1_0.created_at,e1_0.date_time,e1_0.description,e1_0.location,e1_0.price,e1_0.status,e1_0.title,e1_0.updated_at from events e1_0
Hibernate: insert into events (capacity,created_at,date_time,description,location,price,status,title,updated_at,id) values (?,?,?,?,?,?,?,?,?,default)
Hibernate: insert into attendees (company,created_at,email,name,phone,updated_at,id) values (?,?,?,?,?,?,default)
Hibernate: insert into attendees (company,created_at,email,name,phone,updated_at,id) values (?,?,?,?,?,?,default)
Hibernate: insert into registrations (attendee_id,created_at,event_id,is_admin_override,payment_status,registration_date,status,updated_at,waitlist_position,id) values (?,?,?,?,?,?,?,?,?,default)
Hibernate: select r1_0.id,r1_0.attendee_id,r1_0.created_at,r1_0.event_id,r1_0.is_admin_override,r1_0.payment_status,r1_0.registration_date,r1_0.status,r1_0.updated_at,r1_0.waitlist_position from registrations r1_0 where r1_0.id=? for update
Hibernate: select r1_0.id,r1_0.attendee_id,r1_0.created_at,r1_0.event_id,r1_0.is_admin_override,r1_0.payment_status,r1_0.registration_date,r1_0.status,r1_0.updated_at,r1_0.waitlist_position from registrations r1_0
Hibernate: select a1_0.id,a1_0.company,a1_0.created_at,a1_0.email,a1_0.name,a1_0.phone,a1_0.updated_at from attendees a1_0
Hibernate: select e1_0.id,e1_0.capacity,e1_0.created_at,e1_0.date_time,e1_0.description,e1_0.location,e1_0.price,e1_0.status,e1_0.title,e1_0.updated_at from events e1_0
Hibernate: insert into events (capacity,created_at,date_time,description,location,price,status,title,updated_at,id) values (?,?,?,?,?,?,?,?,?,default)
Hibernate: insert into attendees (company,created_at,email,name,phone,updated_at,id) values (?,?,?,?,?,?,default)
Hibernate: insert into attendees (company,created_at,email,name,phone,updated_at,id) values (?,?,?,?,?,?,default)
Hibernate: insert into registrations (attendee_id,created_at,event_id,is_admin_override,payment_status,registration_date,status,updated_at,waitlist_position,id) values (?,?,?,?,?,?,?,?,?,default)
Hibernate: select r1_0.id,r1_0.attendee_id,r1_0.created_at,r1_0.event_id,r1_0.is_admin_override,r1_0.payment_status,r1_0.registration_date,r1_0.status,r1_0.updated_at,r1_0.waitlist_position from registrations r1_0 join events e1_0 on e1_0.id=r1_0.event_id join attendees a1_0 on a1_0.id=r1_0.attendee_id where e1_0.id=? and a1_0.id=?
Hibernate: select r1_0.id,r1_0.attendee_id,r1_0.created_at,r1_0.event_id,r1_0.is_admin_override,r1_0.payment_status,r1_0.registration_date,r1_0.status,r1_0.updated_at,r1_0.waitlist_position from registrations r1_0
Hibernate: select a1_0.id,a1_0.company,a1_0.created_at,a1_0.email,a1_0.name,a1_0.phone,a1_0.updated_at from attendees a1_0
Hibernate: select e1_0.id,e1_0.capacity,e1_0.created_at,e1_0.date_time,e1_0.description,e1_0.location,e1_0.price,e1_0.status,e1_0.title,e1_0.updated_at from events e1_0
Hibernate: insert into events (capacity,created_at,date_time,description,location,price,status,title,updated_at,id) values (?,?,?,?,?,?,?,?,?,default)
Hibernate: insert into attendees (company,created_at,email,name,phone,updated_at,id) values (?,?,?,?,?,?,default)
Hibernate: insert into attendees (company,created_at,email,name,phone,updated_at,id) values (?,?,?,?,?,?,default)
Hibernate: insert into registrations (attendee_id,created_at,event_id,is_admin_override,payment_status,registration_date,status,updated_at,waitlist_position,id) values (?,?,?,?,?,?,?,?,?,default)
Hibernate: insert into registrations (attendee_id,created_at,event_id,is_admin_override,payment_status,registration_date,status,updated_at,waitlist_position,id) values (?,?,?,?,?,?,?,?,?,default)
Hibernate: select r1_0.id,r1_0.attendee_id,r1_0.created_at,r1_0.event_id,r1_0.is_admin_override,r1_0.payment_status,r1_0.registration_date,r1_0.status,r1_0.updated_at,r1_0.waitlist_position from registrations r1_0 where r1_0.event_id=? and r1_0.status='waitlisted' order by r1_0.waitlist_position
Hibernate: select r1_0.id,r1_0.attendee_id,r1_0.created_at,r1_0.event_id,r1_0.is_admin_override,r1_0.payment_status,r1_0.registration_date,r1_0.status,r1_0.updated_at,r1_0.waitlist_position from registrations r1_0
Hibernate: select a1_0.id,a1_0.company,a1_0.created_at,a1_0.email,a1_0.name,a1_0.phone,a1_0.updated_at from attendees a1_0
Hibernate: select e1_0.id,e1_0.capacity,e1_0.created_at,e1_0.date_time,e1_0.description,e1_0.location,e1_0.price,e1_0.status,e1_0.title,e1_0.updated_at from events e1_0
Hibernate: insert into events (capacity,created_at,date_time,description,location,price,status,title,updated_at,id) values (?,?,?,?,?,?,?,?,?,default)
Hibernate: insert into attendees (company,created_at,email,name,phone,updated_at,id) values (?,?,?,?,?,?,default)
Hibernate: insert into attendees (company,created_at,email,name,phone,updated_at,id) values (?,?,?,?,?,?,default)
Hibernate: insert into registrations (attendee_id,created_at,event_id,is_admin_override,payment_status,registration_date,status,updated_at,waitlist_position,id) values (?,?,?,?,?,?,?,?,?,default)
Hibernate: insert into registrations (attendee_id,created_at,event_id,is_admin_override,payment_status,registration_date,status,updated_at,waitlist_position,id) values (?,?,?,?,?,?,?,?,?,default)
Hibernate: select count(r1_0.id) from registrations r1_0 where r1_0.event_id=? and r1_0.status='confirmed'
[INFO] Tests run: 9, Failures: 0, Errors: 0, Skipped: 0, Time elapsed: 0.202 s -- in com.evently.repository.RegistrationRepositoryTest
[INFO] Running com.evently.repository.UserRepositoryTest
2026-05-08T03:06:46.114+03:00  INFO 25228 --- [           main] t.c.s.AnnotationConfigContextLoaderUtils : Could not detect default configuration classes for test class [com.evently.repository.UserRepositoryTest]: UserRepositoryTest does not declare any static, non-private, non-final, nested classes annotated with @Configuration.
2026-05-08T03:06:46.127+03:00  INFO 25228 --- [           main] .b.t.c.SpringBootTestContextBootstrapper : Found @SpringBootConfiguration com.evently.EventlyApplication for test class com.evently.repository.UserRepositoryTest
Hibernate: select u1_0.id,u1_0.created_at,u1_0.currency_preference,u1_0.email,u1_0.is_admin,u1_0.is_super_admin,u1_0.name,u1_0.password,u1_0.remember_token,u1_0.security_answer,u1_0.security_question,u1_0.updated_at from users u1_0
Hibernate: insert into users (created_at,currency_preference,email,is_admin,is_super_admin,name,password,remember_token,security_answer,security_question,updated_at,id) values (?,?,?,?,?,?,?,?,?,?,?,default)
Hibernate: select u1_0.id,u1_0.created_at,u1_0.currency_preference,u1_0.email,u1_0.is_admin,u1_0.is_super_admin,u1_0.name,u1_0.password,u1_0.remember_token,u1_0.security_answer,u1_0.security_question,u1_0.updated_at from users u1_0 where u1_0.email=?
Hibernate: select u1_0.id,u1_0.created_at,u1_0.currency_preference,u1_0.email,u1_0.is_admin,u1_0.is_super_admin,u1_0.name,u1_0.password,u1_0.remember_token,u1_0.security_answer,u1_0.security_question,u1_0.updated_at from users u1_0
Hibernate: insert into users (created_at,currency_preference,email,is_admin,is_super_admin,name,password,remember_token,security_answer,security_question,updated_at,id) values (?,?,?,?,?,?,?,?,?,?,?,default)
Hibernate: select u1_0.id,u1_0.created_at,u1_0.currency_preference,u1_0.email,u1_0.is_admin,u1_0.is_super_admin,u1_0.name,u1_0.password,u1_0.remember_token,u1_0.security_answer,u1_0.security_question,u1_0.updated_at from users u1_0
Hibernate: insert into users (created_at,currency_preference,email,is_admin,is_super_admin,name,password,remember_token,security_answer,security_question,updated_at,id) values (?,?,?,?,?,?,?,?,?,?,?,default)
Hibernate: select u1_0.id from users u1_0 where u1_0.email=? fetch first ? rows only
Hibernate: select u1_0.id,u1_0.created_at,u1_0.currency_preference,u1_0.email,u1_0.is_admin,u1_0.is_super_admin,u1_0.name,u1_0.password,u1_0.remember_token,u1_0.security_answer,u1_0.security_question,u1_0.updated_at from users u1_0
Hibernate: insert into users (created_at,currency_preference,email,is_admin,is_super_admin,name,password,remember_token,security_answer,security_question,updated_at,id) values (?,?,?,?,?,?,?,?,?,?,?,default)
Hibernate: insert into users (created_at,currency_preference,email,is_admin,is_super_admin,name,password,remember_token,security_answer,security_question,updated_at,id) values (?,?,?,?,?,?,?,?,?,?,?,default)
Hibernate: select u1_0.id,u1_0.created_at,u1_0.currency_preference,u1_0.email,u1_0.is_admin,u1_0.is_super_admin,u1_0.name,u1_0.password,u1_0.remember_token,u1_0.security_answer,u1_0.security_question,u1_0.updated_at from users u1_0 order by u1_0.created_at desc offset ? rows fetch first ? rows only
Hibernate: select u1_0.id,u1_0.created_at,u1_0.currency_preference,u1_0.email,u1_0.is_admin,u1_0.is_super_admin,u1_0.name,u1_0.password,u1_0.remember_token,u1_0.security_answer,u1_0.security_question,u1_0.updated_at from users u1_0
Hibernate: insert into users (created_at,currency_preference,email,is_admin,is_super_admin,name,password,remember_token,security_answer,security_question,updated_at,id) values (?,?,?,?,?,?,?,?,?,?,?,default)
Hibernate: select u1_0.id,u1_0.created_at,u1_0.currency_preference,u1_0.email,u1_0.is_admin,u1_0.is_super_admin,u1_0.name,u1_0.password,u1_0.remember_token,u1_0.security_answer,u1_0.security_question,u1_0.updated_at from users u1_0
Hibernate: select u1_0.id,u1_0.created_at,u1_0.currency_preference,u1_0.email,u1_0.is_admin,u1_0.is_super_admin,u1_0.name,u1_0.password,u1_0.remember_token,u1_0.security_answer,u1_0.security_question,u1_0.updated_at from users u1_0 where u1_0.email=?
Hibernate: select u1_0.id,u1_0.created_at,u1_0.currency_preference,u1_0.email,u1_0.is_admin,u1_0.is_super_admin,u1_0.name,u1_0.password,u1_0.remember_token,u1_0.security_answer,u1_0.security_question,u1_0.updated_at from users u1_0
Hibernate: select u1_0.id from users u1_0 where u1_0.email=? fetch first ? rows only
[INFO] Tests run: 7, Failures: 0, Errors: 0, Skipped: 0, Time elapsed: 0.096 s -- in com.evently.repository.UserRepositoryTest
[INFO] Running com.evently.scheduler.EventSchedulerTest
2026-05-08T03:06:46.211+03:00  INFO 25228 --- [           main] t.c.s.AnnotationConfigContextLoaderUtils : Could not detect default configuration classes for test class [com.evently.scheduler.EventSchedulerTest]: EventSchedulerTest does not declare any static, non-private, non-final, nested classes annotated with @Configuration.
2026-05-08T03:06:46.231+03:00  INFO 25228 --- [           main] .b.t.c.SpringBootTestContextBootstrapper : Found @SpringBootConfiguration com.evently.EventlyApplication for test class com.evently.scheduler.EventSchedulerTest
2026-05-08T03:06:46.235+03:00  INFO 25228 --- [           main] o.s.b.d.r.RestartApplicationListener     : Restart disabled due to context in which it is running
2026-05-08T03:06:46.266+03:00  INFO 25228 --- [           main] c.evently.scheduler.EventSchedulerTest   : Starting EventSchedulerTest using Java 26 with PID 25228 (started by Omen in C:\Users\Omen\OneDrive\Desktop\Evently)
2026-05-08T03:06:46.266+03:00  INFO 25228 --- [           main] c.evently.scheduler.EventSchedulerTest   : The following 1 profile is active: "test"
2026-05-08T03:06:46.405+03:00  INFO 25228 --- [           main] .s.d.r.c.RepositoryConfigurationDelegate : Bootstrapping Spring Data JPA repositories in DEFAULT mode.
2026-05-08T03:06:46.438+03:00  INFO 25228 --- [           main] .s.d.r.c.RepositoryConfigurationDelegate : Finished Spring Data repository scanning in 33 ms. Found 4 JPA repository interfaces.
2026-05-08T03:06:46.447+03:00  INFO 25228 --- [           main] beddedDataSourceBeanFactoryPostProcessor : Replacing 'dataSource' DataSource bean with embedded version
2026-05-08T03:06:46.454+03:00  INFO 25228 --- [           main] o.s.j.d.e.EmbeddedDatabaseFactory        : Starting embedded database: url='jdbc:h2:mem:b92f88e3-3b47-4ea7-8a01-745e8cf8ff6f;DB_CLOSE_DELAY=-1;DB_CLOSE_ON_EXIT=false', username='sa'
2026-05-08T03:06:46.477+03:00  INFO 25228 --- [           main] o.hibernate.jpa.internal.util.LogHelper  : HHH000204: Processing PersistenceUnitInfo [name: default]
2026-05-08T03:06:46.481+03:00  INFO 25228 --- [           main] o.h.c.internal.RegionFactoryInitiator    : HHH000026: Second-level cache disabled
2026-05-08T03:06:46.487+03:00  INFO 25228 --- [           main] o.s.o.j.p.SpringPersistenceUnitInfo      : No LoadTimeWeaver setup: ignoring JPA class transformer
2026-05-08T03:06:46.489+03:00  WARN 25228 --- [           main] org.hibernate.orm.deprecation            : HHH90000025: H2Dialect does not need to be specified explicitly using 'hibernate.dialect' (remove the property setting and it will be selected by default)
2026-05-08T03:06:46.598+03:00  INFO 25228 --- [           main] o.h.e.t.j.p.i.JtaPlatformInitiator       : HHH000489: No JTA platform available (set 'hibernate.transaction.jta.platform' to enable JTA platform integration)
Hibernate: drop table if exists attendees cascade 
Hibernate: drop table if exists events cascade 
Hibernate: drop table if exists registrations cascade 
Hibernate: drop table if exists users cascade 
Hibernate: create table attendees (created_at timestamp(6) not null, id bigint generated by default as identity, updated_at timestamp(6) not null, phone varchar(30), company varchar(255), email varchar(255) not null unique, name varchar(255) not null, primary key (id))
Hibernate: create table events (capacity integer not null, price numeric(10,2), created_at timestamp(6) not null, date_time timestamp(6) not null, id bigint generated by default as identity, updated_at timestamp(6) not null, description TEXT not null, location varchar(255) not null, status varchar(255) not null, title varchar(255) not null, primary key (id))
Hibernate: create table registrations (is_admin_override boolean not null, waitlist_position integer, attendee_id bigint not null, created_at timestamp(6) not null, event_id bigint not null, id bigint generated by default as identity, registration_date TIMESTAMP DEFAULT CURRENT_TIMESTAMP not null, updated_at timestamp(6) not null, payment_status varchar(255) not null, status varchar(255) not null, primary key (id), constraint uq_event_attendee unique (event_id, attendee_id))
Hibernate: create table users (is_admin boolean not null, is_super_admin boolean not null, created_at timestamp(6) not null, id bigint generated by default as identity, updated_at timestamp(6) not null, currency_preference varchar(10) not null, remember_token varchar(100), security_question varchar(500), email varchar(255) not null unique, name varchar(255) not null, password varchar(255) not null, security_answer varchar(255), primary key (id))
Hibernate: alter table if exists registrations add constraint FK9rg8nfrv7ocm12dmieqel8gkv foreign key (attendee_id) references attendees
Hibernate: alter table if exists registrations add constraint FK8mi58jt1s8fxmi56jnau0cxqw foreign key (event_id) references events
2026-05-08T03:06:46.610+03:00  INFO 25228 --- [           main] j.LocalContainerEntityManagerFactoryBean : Initialized JPA EntityManagerFactory for persistence unit 'default'
2026-05-08T03:06:46.757+03:00  INFO 25228 --- [           main] o.s.s.config.TaskSchedulerRouter         : No TaskScheduler/ScheduledExecutorService bean found for scheduled processing
2026-05-08T03:06:46.762+03:00  INFO 25228 --- [           main] c.evently.scheduler.EventSchedulerTest   : Started EventSchedulerTest in 0.526 seconds (process running for 11.288)
Hibernate: select e1_0.id,e1_0.capacity,e1_0.created_at,e1_0.date_time,e1_0.description,e1_0.location,e1_0.price,e1_0.status,e1_0.title,e1_0.updated_at from events e1_0
Hibernate: insert into events (capacity,created_at,date_time,description,location,price,status,title,updated_at,id) values (?,?,?,?,?,?,?,?,?,default)
Hibernate: select e1_0.id,e1_0.capacity,e1_0.created_at,e1_0.date_time,e1_0.description,e1_0.location,e1_0.price,e1_0.status,e1_0.title,e1_0.updated_at from events e1_0 where e1_0.status=? and e1_0.date_time<?
2026-05-08T03:06:46.778+03:00  INFO 25228 --- [           main] com.evently.scheduler.EventScheduler     : EventScheduler: marked 1 event(s) as COMPLETED.
Hibernate: update events set capacity=?,date_time=?,description=?,location=?,price=?,status=?,title=?,updated_at=? where id=?
Hibernate: select e1_0.id,e1_0.capacity,e1_0.created_at,e1_0.date_time,e1_0.description,e1_0.location,e1_0.price,e1_0.status,e1_0.title,e1_0.updated_at from events e1_0
Hibernate: select e1_0.id,e1_0.capacity,e1_0.created_at,e1_0.date_time,e1_0.description,e1_0.location,e1_0.price,e1_0.status,e1_0.title,e1_0.updated_at from events e1_0
Hibernate: insert into events (capacity,created_at,date_time,description,location,price,status,title,updated_at,id) values (?,?,?,?,?,?,?,?,?,default)
Hibernate: insert into events (capacity,created_at,date_time,description,location,price,status,title,updated_at,id) values (?,?,?,?,?,?,?,?,?,default)
Hibernate: select e1_0.id,e1_0.capacity,e1_0.created_at,e1_0.date_time,e1_0.description,e1_0.location,e1_0.price,e1_0.status,e1_0.title,e1_0.updated_at from events e1_0 where e1_0.status=? and e1_0.date_time<?
Hibernate: select e1_0.id,e1_0.capacity,e1_0.created_at,e1_0.date_time,e1_0.description,e1_0.location,e1_0.price,e1_0.status,e1_0.title,e1_0.updated_at from events e1_0
Hibernate: select e1_0.id,e1_0.capacity,e1_0.created_at,e1_0.date_time,e1_0.description,e1_0.location,e1_0.price,e1_0.status,e1_0.title,e1_0.updated_at from events e1_0
Hibernate: insert into events (capacity,created_at,date_time,description,location,price,status,title,updated_at,id) values (?,?,?,?,?,?,?,?,?,default)
Hibernate: select e1_0.id,e1_0.capacity,e1_0.created_at,e1_0.date_time,e1_0.description,e1_0.location,e1_0.price,e1_0.status,e1_0.title,e1_0.updated_at from events e1_0 where e1_0.status=? and e1_0.date_time<?
Hibernate: select e1_0.id,e1_0.capacity,e1_0.created_at,e1_0.date_time,e1_0.description,e1_0.location,e1_0.price,e1_0.status,e1_0.title,e1_0.updated_at from events e1_0
Hibernate: select e1_0.id,e1_0.capacity,e1_0.created_at,e1_0.date_time,e1_0.description,e1_0.location,e1_0.price,e1_0.status,e1_0.title,e1_0.updated_at from events e1_0
Hibernate: select e1_0.id,e1_0.capacity,e1_0.created_at,e1_0.date_time,e1_0.description,e1_0.location,e1_0.price,e1_0.status,e1_0.title,e1_0.updated_at from events e1_0 where e1_0.status=? and e1_0.date_time<?
[INFO] Tests run: 4, Failures: 0, Errors: 0, Skipped: 0, Time elapsed: 0.617 s -- in com.evently.scheduler.EventSchedulerTest
[INFO] Running com.evently.service.RegistrationServiceTest
[INFO] Tests run: 5, Failures: 0, Errors: 0, Skipped: 0, Time elapsed: 0.156 s -- in com.evently.service.RegistrationServiceTest
[INFO] 
[INFO] Results:
[INFO] 
[INFO] Tests run: 81, Failures: 0, Errors: 0, Skipped: 0
[INFO] 
[INFO] ------------------------------------------------------------------------
[INFO] BUILD SUCCESS
[INFO] ------------------------------------------------------------------------
[INFO] Total time:  14.301 s
[INFO] Finished at: 2026-05-08T03:06:47+03:00
[INFO] ------------------------------------------------------------------------
